// Jest Snapshot v1, https://goo.gl/fbAQLP

exports[`should render dashboard correctly. 1`] = `
<div>
  <ListGroup
    tag="ul"
  >
    <ListGroupItem
      className="justify-content-between"
      tag="li"
    >
      <Link
        replace={false}
        to="/edit/1"
      >
        <h3>
          Gum
        </h3>
      </Link>
      <i>
        Date: 
      </i>
      January 1st, 1970
      <Badge
        color="secondary"
        pill={true}
        tag="span"
      >
        <Label
          tag="label"
          widths={
            Array [
              "xs",
              "sm",
              "md",
              "lg",
              "xl",
            ]
          }
        >
          Amount: 
        </Label>
        $1.95
      </Badge>
      <i>
            Note: 
      </i>
      <span />
    </ListGroupItem>
  </ListGroup>
</div>
`;
