// Jest Snapshot v1, https://goo.gl/fbAQLP

exports[`Test Edit Expense. should render edit expense page correctly. 1`] = `
<Row
  tag="div"
>
  <Card
    body={true}
    inverse={true}
    tag="div"
  >
    <CardHeader
      className="text-secondary"
      tag="h2"
    >
      Edit_Expense
    </CardHeader>
    <CardBody
      tag="div"
    >
      <ExpenseForm
        currentUrl="/edit/3"
        expense={
          Object {
            "amount": 4500,
            "createdAt": 345600000,
            "description": "Credit_Card",
            "id": "3",
            "note": "Pay back credit",
          }
        }
        onSubmit={[Function]}
      />
      <Col
        className="offset-0 offset-sm-3 offset-md-4 my-3"
        md="4"
        sm="6"
        tag="div"
        widths={
          Array [
            "xs",
            "sm",
            "md",
            "lg",
            "xl",
          ]
        }
        xs="12"
      >
        <Button
          block={true}
          className="rounded-0"
          color="danger"
          onClick={[Function]}
          outline={true}
          tag="button"
        >
          Remove_Expense
        </Button>
      </Col>
    </CardBody>
    <CardFooter
      className="text-muted"
      tag="div"
    >
      Footer
    </CardFooter>
  </Card>
</Row>
`;
